**********************
Windows PowerShell transcript start
Start time: 20260723202935
Username: MSI\USER
RunAs User: MSI\USER
Configuration Name: 
Machine: MSI (Microsoft Windows NT 10.0.26200.0)
Host Application: C:\Windows\SysWOW64\WindowsPowerShell\v1.0\powershell.exe
Process ID: 21964
PSVersion: 5.1.26100.8894
PSEdition: Desktop
PSCompatibleVersions: 1.0, 2.0, 3.0, 4.0, 5.0, 5.1.26100.8894
BuildVersion: 10.0.26100.8894
CLRVersion: 4.0.30319.42000
WSManStackVersion: 3.0
PSRemotingProtocolVersion: 2.3
SerializationVersion: 1.1.0.1
**********************
Transcript started, output file is D:\vm-project\scripts\..\logs\04-connect-node-20260723-202935.log
Waiting for VM to expose SSH on localhost:2222...

==================================================
[OK] VM is actively running and forwarded to localhost!
You can now connect to your headless node!
Run the following command:

    ssh -p 2222 sysadmin@127.0.0.1

(Default password is 'sysadmin')
==================================================
**********************
Windows PowerShell transcript end
End time: 20260723202935
**********************
