**********************
Windows PowerShell transcript start
Start time: 20260723202950
Username: MSI\USER
RunAs User: MSI\USER
Configuration Name: 
Machine: MSI (Microsoft Windows NT 10.0.26200.0)
Host Application: C:\Windows\SysWOW64\WindowsPowerShell\v1.0\powershell.exe
Process ID: 21964
PSVersion: 5.1.26100.8894
PSEdition: Desktop
PSCompatibleVersions: 1.0, 2.0, 3.0, 4.0, 5.0, 5.1.26100.8894
BuildVersion: 10.0.26100.8894
CLRVersion: 4.0.30319.42000
WSManStackVersion: 3.0
PSRemotingProtocolVersion: 2.3
SerializationVersion: 1.1.0.1
**********************
Transcript started, output file is D:\vm-project\scripts\..\logs\05-setup-tailscale-20260723-202950.log

==================================================
Connecting to VM to install Tailscale.
When prompted, enter the password (default: 'sysadmin')
After installation, look for the 'tailscale up' authentication link in the output!
==================================================

**********************
Windows PowerShell transcript end
End time: 20260723203004
**********************
