**********************
Windows PowerShell transcript start
Start time: 20260723203004
Username: MSI\USER
RunAs User: MSI\USER
Configuration Name: 
Machine: MSI (Microsoft Windows NT 10.0.26200.0)
Host Application: C:\Windows\SysWOW64\WindowsPowerShell\v1.0\powershell.exe
Process ID: 21964
PSVersion: 5.1.26100.8894
PSEdition: Desktop
PSCompatibleVersions: 1.0, 2.0, 3.0, 4.0, 5.0, 5.1.26100.8894
BuildVersion: 10.0.26100.8894
CLRVersion: 4.0.30319.42000
WSManStackVersion: 3.0
PSRemotingProtocolVersion: 2.3
SerializationVersion: 1.1.0.1
**********************
Transcript started, output file is D:\vm-project\scripts\..\logs\06-setup-monitoring-20260723-203004.log

==================================================
Copying monitoring configuration to the VM...
When prompted, enter the password (default: 'sysadmin')
==================================================


==================================================
Installing Docker and starting Prometheus/Grafana...
When prompted, enter the password again (default: 'sysadmin')
==================================================


==================================================
[OK] Monitoring Stack Deployed!
Grafana is running at: http://localhost:3000 (Login: admin / sysadmin)
Prometheus is running at: http://localhost:9090
(Or access them securely via your new Tailscale IP!)
==================================================
**********************
Windows PowerShell transcript end
End time: 20260723203106
**********************
